../Core/Src/main.c:70:6:HAL_UART_RxCpltCallback	16	static
../Core/Src/main.c:84:6:ledToggle	8	static
../Core/Src/main.c:88:6:fsmWrapper	8	static
../Core/Src/main.c:101:5:main	8	static
../Core/Src/main.c:149:6:SystemClock_Config	72	static
../Core/Src/main.c:186:13:MX_I2C1_Init	8	static
../Core/Src/main.c:220:13:MX_TIM2_Init	32	static
../Core/Src/main.c:265:13:MX_USART1_UART_Init	8	static
../Core/Src/main.c:298:13:MX_USART2_UART_Init	8	static
../Core/Src/main.c:331:13:MX_GPIO_Init	32	static
../Core/Src/main.c:352:6:HAL_TIM_PeriodElapsedCallback	16	static
../Core/Src/main.c:361:6:Error_Handler	4	static,ignoring_inline_asm
