../Core/Src/main.c:69:6:HAL_UART_RxCpltCallback	16	static
../Core/Src/main.c:83:6:ledToggle	8	static
../Core/Src/main.c:87:6:fsmWrapper	8	static
../Core/Src/main.c:100:5:main	8	static
../Core/Src/main.c:147:6:SystemClock_Config	72	static
../Core/Src/main.c:184:13:MX_I2C1_Init	8	static
../Core/Src/main.c:218:13:MX_TIM2_Init	32	static
../Core/Src/main.c:263:13:MX_USART1_UART_Init	8	static
../Core/Src/main.c:296:13:MX_USART2_UART_Init	8	static
../Core/Src/main.c:329:13:MX_GPIO_Init	32	static
../Core/Src/main.c:350:6:HAL_TIM_PeriodElapsedCallback	16	static
../Core/Src/main.c:359:6:Error_Handler	4	static,ignoring_inline_asm
